bitmagnet_blob_consistency_checks_total{}
bitmagnet_blob_consistency_errors_total{}
bitmagnet_blob_consistency_last_check_at{}
bitmagnet_blob_consistency_last_error_at{}
bitmagnet_dht_server_query_concurrency{query}
bitmagnet_dht_server_query_duration_seconds{query}
bitmagnet_dht_server_query_error_total{query}
bitmagnet_dht_server_query_success_total{query}
bitmagnet_dht_server_response_dropped_total{reason}
bitmagnet_meta_info_requester_concurrency{}
bitmagnet_meta_info_requester_duration_seconds{}
bitmagnet_meta_info_requester_error_total{}
bitmagnet_meta_info_requester_success_total{}
bitmagnet_search_pathsearch_doc_count{}
bitmagnet_search_pathsearch_health_checks_total{result}
bitmagnet_search_pathsearch_healthy{}
bitmagnet_search_pathsearch_last_success_epoch_seconds{}
bitmagnet_search_pathsearch_refine_agg_error_total{}
bitmagnet_search_pathsearch_refine_deadline_capped_total{}
bitmagnet_search_pathsearch_refine_declined_oversized_total{}
bitmagnet_search_pathsearch_refine_retained_capped_total{}
bitmagnet_search_pathsearch_refine_shed_total{}
bitmagnet_search_pathsearch_route_total{result}
bitmagnet_search_pathsearch_watermark_epoch_seconds{}
bitmagnet_search_serve_sidecar_healthy{}
bitmagnet_search_serve_total{outcome}
bitmagnet_search_serve_watermark_epoch_seconds{}
bitmagnet_search_shadow_comparisons_total{}
bitmagnet_search_shadow_dropped_total{}
bitmagnet_search_shadow_jaccard{k}
bitmagnet_search_shadow_latency_ratio{}
bitmagnet_search_shadow_rbo{}
bitmagnet_search_shadow_result_count_delta{}
bitmagnet_search_shadow_top1_match_total{matched}
bitmagnet_search_tantivy_doc_count{}
