BLOB_MIGRATION_BATCH_SIZE	blob_migration.batch_size
BLOB_MIGRATION_CHUNK_SIZE	blob_migration.chunk_size
BLOB_MIGRATION_CONSISTENCY_ENABLED	blob_migration.consistency.enabled
BLOB_MIGRATION_CONSISTENCY_INTERVAL_MS	blob_migration.consistency.interval_ms
BLOB_MIGRATION_CONSISTENCY_SAMPLE_SIZE	blob_migration.consistency.sample_size
BLOB_MIGRATION_PARALLELISM	blob_migration.parallelism
BLOB_MIGRATION_SLEEP_BETWEEN_BATCHES_MS	blob_migration.sleep_between_batches_ms
CLASSIFIER_CONCURRENCY	classifier.concurrency
CLASSIFIER_DELETE_XXX	classifier.delete_xxx
CLASSIFIER_EXTENSIONS	classifier.extensions
CLASSIFIER_FLAGS	classifier.flags
CLASSIFIER_KEYWORDS	classifier.keywords
CLASSIFIER_TAPE_DIR	classifier.tape_dir
CLASSIFIER_TAPE_MAX_RECORDS	classifier.tape_max_records
CLASSIFIER_TAPE_PLAN_PATH	classifier.tape_plan_path
CLASSIFIER_TAPE_PLAN_SHA_256	classifier.tape_plan_sha_256
CLASSIFIER_WORKFLOW	classifier.workflow
DHT_CRAWLER_BOOTSTRAP_NODES	dht_crawler.bootstrap_nodes
DHT_CRAWLER_RESCRAPE_THRESHOLD	dht_crawler.rescrape_threshold
DHT_CRAWLER_RESEED_BOOTSTRAP_NODES_INTERVAL	dht_crawler.reseed_bootstrap_nodes_interval
DHT_CRAWLER_SAVE_FILES_THRESHOLD	dht_crawler.save_files_threshold
DHT_CRAWLER_SAVE_PIECES	dht_crawler.save_pieces
DHT_CRAWLER_SCALING_FACTOR	dht_crawler.scaling_factor
DHT_SERVER_PORT	dht_server.port
DHT_SERVER_QUERY_TIMEOUT	dht_server.query_timeout
GORM_CACHE_CACHE_ENABLED	gorm_cache.cache_enabled
GORM_CACHE_EASER_ENABLED	gorm_cache.easer_enabled
GORM_CACHE_MAX_KEYS	gorm_cache.max_keys
GORM_CACHE_TTL	gorm_cache.ttl
GRAPHQL_SHADOW_ENABLED	graphql_shadow.enabled
GRAPHQL_SHADOW_ENDPOINT	graphql_shadow.endpoint
GRAPHQL_SHADOW_LOG_DISCREPANCIES	graphql_shadow.log_discrepancies
GRAPHQL_SHADOW_MAX_CONCURRENT	graphql_shadow.max_concurrent
GRAPHQL_SHADOW_SAMPLE_RATE	graphql_shadow.sample_rate
GRAPHQL_SHADOW_TIMEOUT	graphql_shadow.timeout
HEALTH_PEER_GRAPHQL_URLS	health.peer_graphql_urls
HEALTH_PEER_TIMEOUT	health.peer_timeout
HTTP_SERVER_CORS_ALLOWED_HEADERS	http_server.cors.allowed_headers
HTTP_SERVER_CORS_ALLOWED_METHODS	http_server.cors.allowed_methods
HTTP_SERVER_CORS_ALLOWED_ORIGINS	http_server.cors.allowed_origins
HTTP_SERVER_CORS_ALLOW_CREDENTIALS	http_server.cors.allow_credentials
HTTP_SERVER_CORS_ALLOW_PRIVATE_NETWORK	http_server.cors.allow_private_network
HTTP_SERVER_CORS_DEBUG	http_server.cors.debug
HTTP_SERVER_CORS_EXPOSED_HEADERS	http_server.cors.exposed_headers
HTTP_SERVER_CORS_MAX_AGE	http_server.cors.max_age
HTTP_SERVER_CORS_OPTIONS_PASSTHROUGH	http_server.cors.options_passthrough
HTTP_SERVER_CORS_OPTIONS_SUCCESS_STATUS	http_server.cors.options_success_status
HTTP_SERVER_GIN_MODE	http_server.gin_mode
HTTP_SERVER_LOCAL_ADDRESS	http_server.local_address
HTTP_SERVER_OPTIONS	http_server.options
LOG_DEVELOPMENT	log.development
LOG_FILE_ROTATOR_BASE_NAME	log.file_rotator.base_name
LOG_FILE_ROTATOR_BUFFER_SIZE	log.file_rotator.buffer_size
LOG_FILE_ROTATOR_ENABLED	log.file_rotator.enabled
LOG_FILE_ROTATOR_LEVEL	log.file_rotator.level
LOG_FILE_ROTATOR_MAX_AGE	log.file_rotator.max_age
LOG_FILE_ROTATOR_MAX_BACKUPS	log.file_rotator.max_backups
LOG_FILE_ROTATOR_MAX_SIZE	log.file_rotator.max_size
LOG_FILE_ROTATOR_PATH	log.file_rotator.path
LOG_JSON	log.json
LOG_LEVEL	log.level
METAINFO_REQUESTER_KEY_MUTEX_SIZE	metainfo_requester.key_mutex_size
METAINFO_REQUESTER_REQUEST_TIMEOUT	metainfo_requester.request_timeout
POSTGRES_CONNECTION_TIMEOUT	postgres.connection_timeout
POSTGRES_DSN	postgres.dsn
POSTGRES_HOST	postgres.host
POSTGRES_NAME	postgres.name
POSTGRES_PASSWORD	postgres.password
POSTGRES_POOL_MAX_CONNS	postgres.pool_max_conns
POSTGRES_PORT	postgres.port
POSTGRES_SSL_CERT_PATH	postgres.ssl_cert_path
POSTGRES_SSL_KEY_PATH	postgres.ssl_key_path
POSTGRES_SSL_MODE	postgres.ssl_mode
POSTGRES_SSL_ROOT_CERT_PATH	postgres.ssl_root_cert_path
POSTGRES_USER	postgres.user
QUEUE_SERVER_DISABLED_QUEUES	queue_server.disabled_queues
SEARCH_ADDRESS	search.address
SEARCH_BATCH_TIMEOUT	search.batch_timeout
SEARCH_CANARY_PERCENT	search.canary_percent
SEARCH_DUAL_WRITE_ENABLED	search.dual_write_enabled
SEARCH_ENABLED	search.enabled
SEARCH_ENGINE	search.engine
SEARCH_FEATURES_DROP_COMPATIBLE_READS	search_features.drop_compatible_reads
SEARCH_FEATURES_FILE_BROWSER_FROM_BLOB	search_features.file_browser_from_blob
SEARCH_FEATURES_FILE_SEARCH_ENABLED	search_features.file_search_enabled
SEARCH_FEATURES_FILE_SEARCH_FACETS_ENABLED	search_features.file_search_facets_enabled
SEARCH_FEATURES_FILE_SEARCH_TYPEAHEAD_RPC_ENABLED	search_features.file_search_typeahead_rpc_enabled
SEARCH_FEATURES_GATE_FILE_EXTENSIONS_JSONB	search_features.gate_file_extensions_jsonb
SEARCH_FEATURES_POPULARITY_SORT_DEFAULT	search_features.popularity_sort_default
SEARCH_FILE_SEARCH_ADDRESS	search.file_search_address
SEARCH_FILE_SEARCH_ENABLED	search.file_search_enabled
SEARCH_FILE_SEARCH_MAX_ROWS	search.file_search_max_rows
SEARCH_FILE_SEARCH_ROUTE_TEXT	search.file_search_route_text
SEARCH_FILE_SEARCH_TIMEOUT	search.file_search_timeout
SEARCH_LOG_DISCREPANCIES	search.log_discrepancies
SEARCH_MAX_STALENESS	search.max_staleness
SEARCH_PATHSEARCH_ADDRESS	search.pathsearch_address
SEARCH_PATHSEARCH_ENABLED	search.pathsearch_enabled
SEARCH_PATHSEARCH_HEALTH_INTERVAL	search.pathsearch_health_interval
SEARCH_PATHSEARCH_MAX_CANDIDATES	search.pathsearch_max_candidates
SEARCH_PATHSEARCH_MAX_CHUNK_TORRENTS	search.pathsearch_max_chunk_torrents
SEARCH_PATHSEARCH_MAX_CONCURRENT_REFINES	search.pathsearch_max_concurrent_refines
SEARCH_PATHSEARCH_MAX_DECODE_CANDIDATES	search.pathsearch_max_decode_candidates
SEARCH_PATHSEARCH_MAX_REFINE_FILES	search.pathsearch_max_refine_files
SEARCH_PATHSEARCH_MAX_WATERMARK_LAG	search.pathsearch_max_watermark_lag
SEARCH_PATHSEARCH_MIN_QUERY_LENGTH	search.pathsearch_min_query_length
SEARCH_PATHSEARCH_OVERSAMPLE	search.pathsearch_oversample
SEARCH_PATHSEARCH_REFINE_FILE_BUDGET	search.pathsearch_refine_file_budget
SEARCH_PATHSEARCH_RETAINED_FILE_BUDGET	search.pathsearch_retained_file_budget
SEARCH_PATHSEARCH_ROUTE_TIMEOUT	search.pathsearch_route_timeout
SEARCH_PATHSEARCH_SLOT_WAIT	search.pathsearch_slot_wait
SEARCH_PATHSEARCH_TIMEOUT	search.pathsearch_timeout
SEARCH_PATH_COLLAPSE_ENABLED	search.path_collapse_enabled
SEARCH_PATH_TYPEAHEAD_ENABLED	search.path_typeahead_enabled
SEARCH_SAMPLE_RATE	search.sample_rate
SEARCH_SEARCH_HEALTH_INTERVAL	search.search_health_interval
SEARCH_SERVE_TIMEOUT	search.serve_timeout
SEARCH_SHADOW_MAX_CONCURRENT	search.shadow_max_concurrent
SEARCH_SHADOW_TIMEOUT	search.shadow_timeout
SEARCH_TIMEOUT	search.timeout
TMDB_API_KEY	tmdb.api_key
TMDB_BASE_URL	tmdb.base_url
TMDB_ENABLED	tmdb.enabled
TMDB_RATE_LIMIT	tmdb.rate_limit
TMDB_RATE_LIMIT_BURST	tmdb.rate_limit_burst
TORZNAB_PROFILES	torznab.profiles
WEBUI_DEFAULT_FRONTEND	webui.default_frontend
